Circuit: * C:\Kicad\ClassD_3.0\push-pull.asc

WARNING: Node N004 is floating.

WARNING: Less than two connections to node n004.  This node is used by c2.
Direct Newton iteration for .op point succeeded.

imax: MAX(i(r1))=9.8645 FROM 0 TO 0.0002
imin: MIN(i(r1))=-10.1018 FROM 0 TO 0.0002


Date: Wed Aug 12 00:15:42 2026
Total elapsed time: 0.242 seconds.

tnom = 27
temp = 27
method = modified trap
totiter = 10265
traniter = 10260
tranpoints = 4599
accept = 3606
rejected = 993
matrix size = 26
fillins = 15
solver = Normal
Avg thread counts: 1.6/2.3/2.3/1.6
Matrix Compiler1: 2.38 KB object code size  1.3/0.8/[0.5]
Matrix Compiler2: 2.33 KB object code size  0.6/0.9/[0.4]

